
Memory Configuration

Name             Origin             Length             Attributes
rom              0x00000000         0x10000000
ram              0x40000000         0x80000000
*default*        0x00000000         0xffffffff

Linker script and memory map

Address of section .text set to 0x0
Address of section .data set to 0x40000
Address of section .bss set to 0x48000
LOAD trap_table.o
LOAD save_rest.o
LOAD libsparc.o

.text           0x00000000     0x1460
 CREATE_OBJECT_SYMBOLS
 *(.text .text.*)
 .text          0x00000000     0x1158 trap_table.o
                0x00000000                _start
                0x00000000                __trap_table
                0x00001140                exit
 .text          0x00001158      0x1b0 save_rest.o
                0x00001158                main
 .text          0x00001308      0x140 libsparc.o
                0x00001434                BadTrap
                0x000013d8                startup
                0x00001420                getc
                0x000013e8                fprintf
                0x00001308                __lshrdi3
                0x00001408                putc
                0x00001448                etext = .
                0x00001450                . = ALIGN (0x10)
 *fill*         0x00001448        0x8 00
 *(.eh_frame)
                0x00001450                . = ALIGN (0x10)
 *(.gnu.linkonce.t*)
                0x00001450                ___CTOR_LIST__ = .
                0x00001450        0x4 LONG 0x0 (((___CTOR_END__ - ___CTOR_LIST__) / 0x4) - 0x2)
 *(SORT(.ctors.*))
 *(.ctors)
                0x00001454        0x4 LONG 0x0
                0x00001458                ___CTOR_END__ = .
                0x00001458                ___DTOR_LIST__ = .
                0x00001458        0x4 LONG 0x0 (((___DTOR_END__ - ___DTOR_LIST__) / 0x4) - 0x2)
 *(SORT(.dtors.*))
 *(.dtors)
                0x0000145c        0x4 LONG 0x0
                0x00001460                ___DTOR_END__ = .
                0x00001460                __leonbare_initcall_start = .
 *(.initcall1.init)
 *(.initcall2.init)
 *(.initcall3.init)
 *(.initcall4.init)
 *(.initcall5.init)
 *(.initcall6.init)
 *(.initcall7.init)
                0x00001460                __leonbare_initcall_end = .
                0x00001460                _rodata_start = .
 *(.rodata*)
 *(.gnu.linkonce.r*)
                0x00001460                _erodata = ALIGN (0x10)
 *(.gnu.linkonce*)
 *(.init)
 *(.fini)
 *(.lit)
 *(.shdata)
                0x00001460                . = ALIGN (0x10)
                0x00001460                etext = .

.rela.dyn       0x00000000        0x0
 .rela.text     0x00000000        0x0 trap_table.o

.gcc_except_table
 *(.gcc_except_table)

.data           0x00040000     0x2000
 *(.data .data.*)
 .data          0x00040000     0x2000 trap_table.o
                0x00040000                kernel_stack_base
                0x00042000                kernel_stack_top
 .data          0x00042000        0x0 save_rest.o
 .data          0x00042000        0x0 libsparc.o
                0x00042000                edata = .
                0x00042000                _edata = .
                0x00042000                __edata = .

.bss            0x00048000        0x0
                0x00048000                . = ALIGN (0x8)
                0x00048000                bss_start = .
                0x00048000                _bss_start = .
                0x00048000                __bss_start = .
 *(.bss .bss.*)
 .bss           0x00048000        0x0 trap_table.o
 .bss           0x00048000        0x0 save_rest.o
 .bss           0x00048000        0x0 libsparc.o
 *(COMMON)
                0x00048000                . = ALIGN (0x8)
                0x00048000                end = .
                0x00048000                _end = .
                0x00048000                __end = .
                0x00048000                __heap1 = .

.jcr
 *(.jcr)

.stab
 *(.stab)

.stabstr
 *(.stabstr)

.debug
 *(.debug)

.line
 *(.line)

.debug_srcinfo
 *(.debug_srcinfo)

.debug_sfnames
 *(.debug_sfnames)

.debug_aranges
 *(.debug_aranges)

.debug_pubnames
 *(.debug_pubnames)

.debug_info
 *(.debug_info)

.debug_abbrev
 *(.debug_abbrev)

.debug_line
 *(.debug_line)

.debug_frame
 *(.debug_frame)

.debug_str
 *(.debug_str)

.debug_loc
 *(.debug_loc)

.debug_macinfo
 *(.debug_macinfo)

.debug_weaknames
 *(.debug_weaknames)

.debug_funcnames
 *(.debug_funcnames)

.debug_typenames
 *(.debug_typenames)

.debug_varnames
 *(.debug_varnames)
OUTPUT(save_rest.aout elf32-sparc)

.comment        0x00000000       0x27
 .comment       0x00000000       0x27 libsparc.o
